2020/04/11 17:55:03 这是一条测试日志
2020/04/11 17:55:06 这是一条测试日志
2020/04/11 17:55:09 这是一条测试日志
2020/04/11 17:55:12 这是一条测试日志
2020/04/11 17:55:15 这是一条测试日志
2020/04/11 17:55:18 这是一条测试日志
2020/04/11 17:55:21 这是一条测试日志
2020/04/11 17:55:24 这是一条测试日志
2020/04/11 17:55:27 这是一条测试日志
2020/04/11 17:55:30 这是一条测试日志
2020/04/11 17:55:33 这是一条测试日志
2020/04/11 17:55:36 这是一条测试日志
2020/04/11 17:55:39 这是一条测试日志
2020/04/11 17:55:42 这是一条测试日志
2020/04/11 17:55:45 这是一条测试日志
2020/04/11 17:55:48 这是一条测试日志
2020/04/11 17:55:51 这是一条测试日志
2020/04/11 17:55:54 这是一条测试日志
2020/04/11 17:55:57 这是一条测试日志
2020/04/11 17:56:00 这是一条测试日志
2020/04/11 17:56:03 这是一条测试日志
2020/04/11 17:56:06 这是一条测试日志
2020/04/11 17:56:09 这是一条测试日志
2020/04/11 17:56:12 这是一条测试日志
2020/04/11 17:56:15 这是一条测试日志
2020/04/11 17:56:18 这是一条测试日志
2020/04/11 17:56:21 这是一条测试日志
2020/04/11 17:56:24 这是一条测试日志
2020/04/11 17:56:27 这是一条测试日志
2020/04/11 17:56:30 这是一条测试日志
